Jul-10 11:04:17.076 [main] DEBUG nextflow.cli.Launcher - $> nextflow run . -profile test
Jul-10 11:04:17.185 [main] DEBUG nextflow.cli.CmdRun - N E X T F L O W  ~  version 26.04.4
Jul-10 11:04:17.234 [main] DEBUG nextflow.plugin.PluginsFacade - Setting up plugin manager > mode=prod; embedded=false; plugins-dir=/home/_lucia_/.nextflow/plugins; core-plugins: nf-amazon@3.9.2,nf-azure@1.22.6,nf-cloudcache@0.6.0,nf-codecommit@0.5.3,nf-console@1.3.0,nf-google@1.27.3,nf-k8s@1.5.4,nf-seqera@0.21.0,nf-tower@1.28.1,nf-wave@1.21.0
Jul-10 11:04:17.270 [main] INFO  o.pf4j.DefaultPluginStatusProvider - Enabled plugins: []
Jul-10 11:04:17.272 [main] INFO  o.pf4j.DefaultPluginStatusProvider - Disabled plugins: []
Jul-10 11:04:17.278 [main] INFO  org.pf4j.DefaultPluginManager - PF4J version 3.14.1 in 'deployment' mode
Jul-10 11:04:17.304 [main] DEBUG nextflow.util.RetryConfig - Missing nextflow session - using default retry config
Jul-10 11:04:17.500 [main] DEBUG nextflow.plugin.PluginUpdater - Using plugin repository: HttpPluginRepository [registry]; url=https://registry.nextflow.io/api
Jul-10 11:04:17.510 [main] INFO  org.pf4j.AbstractPluginManager - No plugins
Jul-10 11:04:17.546 [main] DEBUG nextflow.scm.AssetManager - Selecting multi-revision strategy
Jul-10 11:04:17.565 [main] DEBUG nextflow.config.ConfigParserFactory - Using config parser v2
Jul-10 11:04:18.204 [main] DEBUG nextflow.config.ConfigBuilder - Found config local: /home/_lucia_/work/repex-pipeline/preproc/nextflow.config
Jul-10 11:04:18.217 [main] DEBUG nextflow.config.ConfigBuilder - Parsing config file: /home/_lucia_/work/repex-pipeline/preproc/nextflow.config
Jul-10 11:04:18.231 [main] DEBUG nextflow.config.ConfigParserFactory - Using config parser v2
Jul-10 11:04:18.269 [main] DEBUG nextflow.config.ConfigBuilder - Applying config profile: `test`
Jul-10 11:04:18.430 [main] DEBUG nextflow.config.ConfigBuilder - Available config profiles: [test, metacentrum]
Jul-10 11:04:18.517 [main] DEBUG nextflow.plugin.PluginsFacade - Plugins default=[]
Jul-10 11:04:18.518 [main] DEBUG nextflow.plugin.PluginsFacade - Plugins resolved requirement=[]
Jul-10 11:04:18.568 [main] DEBUG n.secret.LocalSecretsProvider - Secrets store: /home/_lucia_/.nextflow/secrets/store.json
Jul-10 11:04:18.576 [main] DEBUG nextflow.secret.SecretsLoader - Discovered secrets providers: [nextflow.secret.LocalSecretsProvider@2eeb0f9b] - activable => nextflow.secret.LocalSecretsProvider@2eeb0f9b
Jul-10 11:04:18.607 [main] DEBUG nextflow.cli.CmdRun - Launching `./main.nf` [tender_nobel] - revision: f7ad270812
Jul-10 11:04:18.778 [main] DEBUG nextflow.Session - Session UUID: 390b70ba-032a-49bc-bcc1-462d8ccab65f
Jul-10 11:04:18.779 [main] DEBUG nextflow.Session - Run name: tender_nobel
Jul-10 11:04:18.780 [main] DEBUG nextflow.Session - Executor pool size: 8
Jul-10 11:04:18.798 [main] DEBUG nextflow.file.FilePorter - File porter settings maxRetries=3; maxTransfers=50; pollTimeout=null
Jul-10 11:04:18.814 [main] DEBUG nextflow.util.ThreadPoolBuilder - Creating thread pool 'FileTransfer' minSize=10; maxSize=24; workQueue=LinkedBlockingQueue[-1]; allowCoreThreadTimeout=false
Jul-10 11:04:18.873 [main] DEBUG nextflow.cli.CmdRun - 
  Version: 26.04.4 build 12445
  Created: 17-06-2026 16:30 UTC (18:30 CEST)
  System: Linux 6.6.119-09251-gf81e51484dec
  Runtime: Groovy 4.0.31 on OpenJDK 64-Bit Server VM 17.0.19+10-1-deb12u2-Debian
  Encoding: UTF-8 (UTF-8)
  Process: 27321@penguin [127.0.1.1]
  CPUs: 8 - Mem: 6.4 GB (92.2 MB) - Swap: 0 (0)
Jul-10 11:04:18.924 [main] DEBUG nextflow.Session - Work-dir: /home/_lucia_/work/repex-pipeline/preproc/work [btrfs]
Jul-10 11:04:18.965 [main] DEBUG nextflow.executor.ExecutorFactory - Extension executors providers=[]
Jul-10 11:04:18.982 [main] DEBUG nextflow.Session - Observer factory (v2): LinObserverFactory
Jul-10 11:04:18.987 [main] DEBUG nextflow.Session - Observer factory (v2): DefaultObserverFactory
Jul-10 11:04:19.055 [main] DEBUG nextflow.cache.CacheFactory - Using Nextflow cache factory: nextflow.cache.DefaultCacheFactory
Jul-10 11:04:19.101 [main] DEBUG nextflow.util.CustomThreadPool - Creating default thread pool > poolSize: 9; maxThreads: 1000
Jul-10 11:04:19.219 [main] DEBUG nextflow.Session - Session start
Jul-10 11:04:19.231 [main] DEBUG nextflow.script.ScriptLoaderFactory - Using script parser v2
Jul-10 11:04:19.685 [main] DEBUG nextflow.script.ScriptRunner - > Launching execution
Jul-10 11:04:19.850 [main] INFO  nextflow.Nextflow - 
Jul-10 11:04:19.855 [main] INFO  nextflow.Nextflow - ==============================================
Jul-10 11:04:19.858 [main] INFO  nextflow.Nextflow -  laynez-21-repexprep
Jul-10 11:04:19.861 [main] INFO  nextflow.Nextflow -  WGS preprocessing for RepeatExplorer2
Jul-10 11:04:19.864 [main] INFO  nextflow.Nextflow - ==============================================
Jul-10 11:04:19.876 [main] INFO  nextflow.Nextflow - Input samplesheet : assets/samplesheet.test.csv
Jul-10 11:04:19.881 [main] INFO  nextflow.Nextflow - Output directory  : results/test
Jul-10 11:04:19.885 [main] INFO  nextflow.Nextflow - Test mode         : true
Jul-10 11:04:19.888 [main] INFO  nextflow.Nextflow - 
Jul-10 11:04:20.336 [main] DEBUG nextflow.Session - Process names: 
Jul-10 11:04:20.346 [main] DEBUG nextflow.Session - Igniting dataflow network (1)
Jul-10 11:04:20.349 [main] DEBUG nextflow.script.ScriptRunner - Parsed script files:
  Main: /home/_lucia_/work/repex-pipeline/preproc/main.nf
  _nf_script_9254f3cd2d9ab3f1: /home/_lucia_/work/repex-pipeline/preproc/workflows/repexprep.nf
Jul-10 11:04:20.350 [main] DEBUG nextflow.script.ScriptRunner - > Awaiting termination 
Jul-10 11:04:20.351 [main] DEBUG nextflow.Session - Session await
Jul-10 11:04:20.351 [main] DEBUG nextflow.Session - Session await > all processes finished
Jul-10 11:04:20.351 [main] DEBUG nextflow.Session - Session await > all barriers passed
Jul-10 11:04:20.427 [main] DEBUG n.trace.WorkflowStatsObserver - Workflow completed > WorkflowStats[succeededCount=0; failedCount=0; ignoredCount=0; cachedCount=0; pendingCount=0; submittedCount=0; runningCount=0; retriesCount=0; abortedCount=0; succeedDuration=0ms; failedDuration=0ms; cachedDuration=0ms;loadCpus=0; loadMemory=0; peakRunning=0; peakCpus=0; peakMemory=0; ]
Jul-10 11:04:20.515 [main] DEBUG nextflow.cache.CacheDB - Closing CacheDB done
Jul-10 11:04:20.556 [main] DEBUG nextflow.util.ThreadPoolManager - Thread pool 'FileTransfer' shutdown completed (hard=false)
Jul-10 11:04:20.557 [main] DEBUG nextflow.script.ScriptRunner - > Execution complete -- Goodbye
